[orthocare-egypt.com/index.html]
[orthocare-egypt.com/wp-content/uploads/2017/12/cropped-LOGO.png]
[backblue.gif]
[fade.gif]
[index.html]
[orthocare-egypt.com/wp-content/uploads/2017/12/LOGO.png]
[orthocare-egypt.com/wp-content/plugins/contact-form-7/includes/css/styles.css]
[orthocare-egypt.com/wp-content/plugins/contact-form-7/includes/css/styles-rtl.css]
[orthocare-egypt.com/wp-content/plugins/featured-video-plus/styles/frontend.css]
[orthocare-egypt.com/feed/index.html]
[orthocare-egypt.com/wp-content/plugins/revslider/public/assets/css/settings.css]
[orthocare-egypt.com/comments/feed/index.html]
[orthocare-egypt.com/الرئيسية/feed/index.html]
[orthocare-egypt.com/wp-content/plugins/ultimate-product-catalogue/css/catalogue-style.css]
[orthocare-egypt.com/wp-content/plugins/ultimate-product-catalogue/css/catalogue-style-mobile.css]
[orthocare-egypt.com/wp-content/plugins/ultimate-product-catalogue/css/upcp-jquery-ui.css]
[orthocare-egypt.com/wp-content/plugins/ultimate-product-catalogue/css/rtl-style.css]
[orthocare-egypt.com/wp-content/plugins/ultimate-product-catalogue/css/catalogue-style-.css]
[orthocare-egypt.com/wp-content/themes/betheme/style.css]
[orthocare-egypt.com/wp-content/themes/betheme/css/base.css]
[orthocare-egypt.com/wp-content/themes/betheme/css/layout.css]
[orthocare-egypt.com/wp-content/themes/betheme/css/shortcodes.css]
[orthocare-egypt.com/wp-content/themes/betheme/assets/animations/animations.min.css]
[orthocare-egypt.com/wp-content/themes/betheme/assets/ui/jquery.ui.all.css]
[orthocare-egypt.com/wp-content/themes/betheme/assets/jplayer/css/jplayer.blue.monday.css]
[orthocare-egypt.com/wp-content/themes/betheme/css/responsive.css]
[orthocare-egypt.com/wp-includes/js/jquery/jquery-migrate.min.js]
[orthocare-egypt.com/wp-includes/js/jquery/jquery.js]
[orthocare-egypt.com/wp-content/plugins/featured-video-plus/js/jquery.fitvids.min.js]
[orthocare-egypt.com/wp-content/plugins/featured-video-plus/js/frontend.min.js]
[orthocare-egypt.com/wp-content/plugins/revslider/public/assets/js/jquery.themepunch.tools.min.js]
[orthocare-egypt.com/wp-content/plugins/revslider/public/assets/js/jquery.themepunch.revolution.min.js]
[orthocare-egypt.com/wp-includes/js/jquery/ui/core.min.js]
[orthocare-egypt.com/wp-includes/js/jquery/ui/widget.min.js]
[orthocare-egypt.com/wp-includes/js/jquery/ui/mouse.min.js]
[orthocare-egypt.com/wp-includes/js/jquery/ui/slider.min.js]
[orthocare-egypt.com/wp-content/plugins/ultimate-product-catalogue/js/catalogue-style-.js]
[orthocare-egypt.com/wp-content/plugins/ultimate-product-catalogue/js/upcp-jquery-functions.js]
[orthocare-egypt.com/xmlrpc0db0.php]
[orthocare-egypt.com/wp-json/index.html]
[orthocare-egypt.com/wp-includes/wlwmanifest.xml]
[orthocare-egypt.com/wp-content/themes/betheme/rtl.css]
[orthocare-egypt.com/wp-json/oembed/1.0/embed2808.json]
[orthocare-egypt.com/wp-json/oembed/1.0/embed3093]
[orthocare-egypt.com/wp-content/uploads/2016/05/home_car_subheader.png]
[orthocare-egypt.com/wp-content/uploads/2016/05/home_car_footer_bg.png]
[orthocare-egypt.com/wp-content/uploads/2017/12/cropped-LOGO-32x32.png]
[orthocare-egypt.com/en/index.html]
[orthocare-egypt.com/wp-content/uploads/2017/12/cropped-LOGO-192x192.png]
[orthocare-egypt.com/wp-content/uploads/2017/12/cropped-LOGO-180x180.png]
[orthocare-egypt.com/wp-content/uploads/2018/01/LOGO.png]
[orthocare-egypt.com/wp-content/uploads/2018/01/01.jpg]
[orthocare-egypt.com/wp-content/uploads/2018/01/WhatsApp-Image-2018-01-03-at-5.43.38-PM.jpg]
[orthocare-egypt.com/من-نحن/index.html]
[orthocare-egypt.com/خدماتنا/index.html]
[orthocare-egypt.com/wp-content/plugins/contact-form-7/includes/js/scripts.js]
[orthocare-egypt.com/wp-content/plugins/ultimate-product-catalogue/js/product-page-display.js]
[orthocare-egypt.com/work/index.html]
[orthocare-egypt.com/تأهيل-حالات-بتر-فوق-الركبة/index.html]
[orthocare-egypt.com/wp-content/plugins/ultimate-product-catalogue/js/jquery.gridster.js]
[orthocare-egypt.com/تأهيل-حالات-بتر-تحت-الركبة/index.html]
[orthocare-egypt.com/العناية-بالبتر-لف-البتر-بالرباط-الضاغ/index.html]
[orthocare-egypt.com/wp-includes/js/jquery/ui/sortable.min.js]
[orthocare-egypt.com/فوق-الركبة/index.html]
[orthocare-egypt.com/منتجاتنا/index.html]
[orthocare-egypt.com/contact-us/index.html]
[orthocare-egypt.com/تحت-الركبة/index.html]
[orthocare-egypt.com/اتصل-بنا/index.html]
[orthocare-egypt.com/wp-includes/js/jquery/ui/tabs.min.js]
[orthocare-egypt.com/wp-includes/js/jquery/ui/accordion.min.js]
[orthocare-egypt.com/wp-content/themes/betheme/js/menu.js]
[orthocare-egypt.com/wp-content/themes/betheme/assets/animations/animations.min.js]
[orthocare-egypt.com/wp-content/themes/betheme/js/plugins.js]
[orthocare-egypt.com/wp-content/themes/betheme/assets/jplayer/jplayer.min.js]
[orthocare-egypt.com/wp-content/themes/betheme/js/parallax/translate3d.js]
[orthocare-egypt.com/wp-content/themes/betheme/js/scripts.js]
[orthocare-egypt.com/wp-includes/js/comment-reply.min.js]
[orthocare-egypt.com/index.html]
[orthocare-egypt.com/wp-admin/admin-ajax.html]
[orthocare-egypt.com/wp-includes/js/wp-embed.min.js]
[orthocare-egypt.com/wp-content/plugins/contact-form-7/images/ajax-loader.gif]
[orthocare-egypt.com/wp-content/plugins/contact-form-7/includes/css/styles.css]
[orthocare-egypt.com/wp-content/plugins/contact-form-7/includes/css/styles-rtl.css]
[orthocare-egypt.com/wp-content/plugins/featured-video-plus/img/playicon.png]
[orthocare-egypt.com/wp-content/plugins/featured-video-plus/img/loadicon_w.gif]
[orthocare-egypt.com/wp-content/plugins/featured-video-plus/styles/frontend.css]
[orthocare-egypt.com/wp-content/plugins/featured-video-plus/img/loadicon_b.gif]
[orthocare-egypt.com/wp-content/plugins/revslider/public/assets/fonts/revicons/revicons90c6.eot]
[orthocare-egypt.com/wp-content/plugins/revslider/public/assets/fonts/revicons/revicons90c6.woff]
[orthocare-egypt.com/wp-content/plugins/revslider/public/assets/fonts/revicons/revicons90c6.ttf]
[orthocare-egypt.com/wp-content/plugins/revslider/public/assets/fonts/revicons/revicons90c6.svg]
[orthocare-egypt.com/wp-content/plugins/revslider/public/assets/css/openhand.html]
[orthocare-egypt.com/wp-content/plugins/revslider/public/assets/css/closedhand.html]
[orthocare-egypt.com/wp-content/plugins/revslider/public/assets/assets/gridtile.png]
[orthocare-egypt.com/wp-content/plugins/revslider/public/assets/assets/gridtile_white.png]
[orthocare-egypt.com/wp-content/plugins/revslider/public/assets/assets/gridtile_3x3.png]
[orthocare-egypt.com/wp-content/plugins/revslider/public/assets/assets/gridtile_3x3_white.png]
[orthocare-egypt.com/wp-content/plugins/revslider/public/assets/assets/coloredbg.png]
[orthocare-egypt.com/wp-content/plugins/revslider/public/assets/assets/loader.gif]
[orthocare-egypt.com/wp-content/plugins/revslider/public/assets/css/settings.css]
[orthocare-egypt.com/wp-content/plugins/ultimate-product-catalogue/images/thumb_icon.png]
[orthocare-egypt.com/wp-content/plugins/ultimate-product-catalogue/images/thumb_icon-black.png]
[orthocare-egypt.com/wp-content/plugins/ultimate-product-catalogue/images/thumb_icon-grey.png]
[orthocare-egypt.com/wp-content/plugins/ultimate-product-catalogue/images/list_icon.png]
[orthocare-egypt.com/wp-content/plugins/ultimate-product-catalogue/images/list_icon-black.png]
[orthocare-egypt.com/wp-content/plugins/ultimate-product-catalogue/images/list_icon-grey.png]
[orthocare-egypt.com/wp-content/plugins/ultimate-product-catalogue/images/details_tab_icon.png]
[orthocare-egypt.com/wp-content/plugins/ultimate-product-catalogue/images/details_tab_icon-black.png]
[orthocare-egypt.com/wp-content/plugins/ultimate-product-catalogue/images/details_tab_icon-grey.png]
[orthocare-egypt.com/wp-content/plugins/ultimate-product-catalogue/images/details_icon.png]
[orthocare-egypt.com/wp-content/plugins/ultimate-product-catalogue/css/fonts/ewd-details.eot]
[orthocare-egypt.com/wp-content/plugins/ultimate-product-catalogue/css/fonts/ewd-details.woff2]
[orthocare-egypt.com/wp-content/plugins/ultimate-product-catalogue/css/fonts/ewd-details.woff]
[orthocare-egypt.com/wp-content/plugins/ultimate-product-catalogue/css/fonts/ewd-details.ttf]
[orthocare-egypt.com/wp-content/plugins/ultimate-product-catalogue/css/catalogue-style.css]
[orthocare-egypt.com/wp-content/plugins/ultimate-product-catalogue/css/catalogue-style-mobile.css]
[orthocare-egypt.com/wp-content/plugins/ultimate-product-catalogue/css/fonts/ewd-details.svg]
[orthocare-egypt.com/wp-content/plugins/ultimate-product-catalogue/css/images/animated-overlay.gif]
[orthocare-egypt.com/wp-content/plugins/ultimate-product-catalogue/css/images/ui-bg_highlight-soft_100_eeeeee_1x100.png]
[orthocare-egypt.com/wp-content/plugins/ultimate-product-catalogue/css/images/ui-bg_gloss-wave_35_f6a828_500x100.png]
[orthocare-egypt.com/wp-content/plugins/ultimate-product-catalogue/css/images/ui-bg_glass_100_f6f6f6_1x400.png]
[orthocare-egypt.com/wp-content/plugins/ultimate-product-catalogue/css/images/ui-bg_glass_100_fdf5ce_1x400.png]
[orthocare-egypt.com/wp-content/plugins/ultimate-product-catalogue/css/images/ui-bg_glass_65_ffffff_1x400.png]
[orthocare-egypt.com/wp-content/plugins/ultimate-product-catalogue/css/images/ui-bg_highlight-soft_75_ffe45c_1x100.png]
[orthocare-egypt.com/wp-content/plugins/ultimate-product-catalogue/css/images/ui-bg_diagonals-thick_18_b81900_40x40.png]
[orthocare-egypt.com/wp-content/plugins/ultimate-product-catalogue/css/images/ui-icons_222222_256x240.png]
[orthocare-egypt.com/wp-content/plugins/ultimate-product-catalogue/css/images/ui-icons_ffffff_256x240.png]
[orthocare-egypt.com/wp-content/plugins/ultimate-product-catalogue/css/images/ui-icons_ef8c08_256x240.png]
[orthocare-egypt.com/wp-content/plugins/ultimate-product-catalogue/css/images/ui-icons_228ef1_256x240.png]
[orthocare-egypt.com/wp-content/plugins/ultimate-product-catalogue/css/images/ui-icons_ffd27a_256x240.png]
[orthocare-egypt.com/wp-content/plugins/ultimate-product-catalogue/css/images/ui-bg_diagonals-thick_20_666666_40x40.png]
[orthocare-egypt.com/wp-content/plugins/ultimate-product-catalogue/css/images/ui-bg_flat_10_000000_40x100.png]
[orthocare-egypt.com/wp-content/plugins/ultimate-product-catalogue/css/upcp-jquery-ui.css]
[orthocare-egypt.com/wp-content/plugins/ultimate-product-catalogue/css/rtl-style.css]
[orthocare-egypt.com/wp-content/plugins/ultimate-product-catalogue/css/catalogue-style-.html]
[orthocare-egypt.com/wp-content/themes/betheme/style.css]
[orthocare-egypt.com/wp-content/themes/betheme/images/box_shadow_button.png]
[orthocare-egypt.com/wp-content/themes/betheme/fonts/mfn-icons2e38.eot]
[orthocare-egypt.com/wp-content/themes/betheme/fonts/mfn-icons2e38.woff]
[orthocare-egypt.com/wp-content/themes/betheme/fonts/mfn-icons2e38.ttf]
[orthocare-egypt.com/wp-content/themes/betheme/images/contact_form_error.png]
[orthocare-egypt.com/wp-content/themes/betheme/images/bg_panel.png]
[orthocare-egypt.com/wp-content/themes/betheme/fonts/mfn-icons2e38.svg]
[orthocare-egypt.com/wp-content/themes/betheme/images/stripes/stripes_5_b.png]
[orthocare-egypt.com/wp-content/themes/betheme/css/base.css]
[orthocare-egypt.com/wp-content/themes/betheme/images/stripes/stripes_3_b.png]
[orthocare-egypt.com/wp-content/themes/betheme/images/box_shadow.png]
[orthocare-egypt.com/wp-content/themes/betheme/images/preloader.gif]
[orthocare-egypt.com/wp-content/themes/betheme/images/blockquote.png]
[orthocare-egypt.com/wp-content/themes/betheme/images/link.png]
[orthocare-egypt.com/wp-content/themes/betheme/images/top_bar_right_shadow.png]
[orthocare-egypt.com/wp-content/themes/betheme/images/blog_masonry_tile_gradient.png]
[orthocare-egypt.com/wp-content/themes/betheme/images/timeline_right.png]
[orthocare-egypt.com/wp-content/themes/betheme/images/photo.png]
[orthocare-egypt.com/wp-content/themes/betheme/images/recent_comments.png]
[orthocare-egypt.com/wp-content/themes/betheme/images/stripes/stripes_10_w.png]
[orthocare-egypt.com/wp-content/themes/betheme/images/videomask.png]
[orthocare-egypt.com/wp-content/themes/betheme/images/fancy_heading_hr_dark.png]
[orthocare-egypt.com/wp-content/themes/betheme/css/layout.css]
[orthocare-egypt.com/wp-content/themes/betheme/images/stripes/textline.png]
[orthocare-egypt.com/wp-content/themes/betheme/images/icons/list_check.png]
[orthocare-egypt.com/wp-content/themes/betheme/images/icons/list_star.png]
[orthocare-egypt.com/wp-content/themes/betheme/images/icons/list_idea.png]
[orthocare-egypt.com/wp-content/themes/betheme/images/stripes/stripes_10_b.png]
[orthocare-egypt.com/wp-content/themes/betheme/images/progressbar.png]
[orthocare-egypt.com/wp-content/themes/betheme/images/timeline_top.png]
[orthocare-egypt.com/wp-content/themes/betheme/images/timeline_left.png]
[orthocare-egypt.com/wp-content/themes/betheme/images/fancy_heading_hr.png]
[orthocare-egypt.com/wp-content/themes/betheme/css/shortcodes.css]
[orthocare-egypt.com/wp-content/themes/betheme/assets/animations/animations.min.css]
[orthocare-egypt.com/wp-content/themes/betheme/assets/ui/images/ui-icons_222222_256x240.png]
[orthocare-egypt.com/wp-content/themes/betheme/assets/ui/images/ui-bg_flat_0_aaaaaa_40x100.png]
[orthocare-egypt.com/wp-content/themes/betheme/assets/ui/images/bg_widget_header.png]
[orthocare-egypt.com/wp-content/themes/betheme/assets/ui/images/bg_widget_header_active.png]
[orthocare-egypt.com/wp-content/themes/betheme/assets/ui/images/ui-bg_flat_75_ffffff_40x100.png]
[orthocare-egypt.com/wp-content/themes/betheme/assets/ui/images/ui-bg_glass_55_fbf9ee_1x400.png]
[orthocare-egypt.com/wp-content/themes/betheme/assets/ui/images/ui-bg_glass_95_fef1ec_1x400.png]
[orthocare-egypt.com/wp-content/themes/betheme/assets/ui/images/ui-icons_888888_256x240.png]
[orthocare-egypt.com/wp-content/themes/betheme/assets/ui/images/ui-icons_2e83ff_256x240.png]
[orthocare-egypt.com/wp-content/themes/betheme/assets/ui/images/ui-icons_cd0a0a_256x240.png]
[orthocare-egypt.com/wp-content/themes/betheme/assets/ui/images/ui-icons_454545_256x240.png]
[orthocare-egypt.com/wp-content/themes/betheme/assets/ui/jquery.ui.all.css]
[orthocare-egypt.com/wp-content/themes/betheme/assets/jplayer/css/jplayer.png]
[orthocare-egypt.com/wp-content/themes/betheme/assets/jplayer/css/jplayer.blue.monday.jpg]
[orthocare-egypt.com/wp-content/themes/betheme/assets/jplayer/css/jplayer.blue.monday.css]
[orthocare-egypt.com/wp-content/themes/betheme/assets/jplayer/css/jplayer.blue.monday.seeking.gif]
[orthocare-egypt.com/wp-content/themes/betheme/css/responsive.css]
[orthocare-egypt.com/wp-content/plugins/ultimate-product-catalogue/js/catalogue-style-.html]
[orthocare-egypt.com/wp-content/themes/betheme/rtl.css]
[orthocare-egypt.com/en/index.html]
[orthocare-egypt.com/wp-json/oembed/1.0/embedd3b2.json]
[orthocare-egypt.com/wp-json/oembed/1.0/embed2bf3]
[orthocare-egypt.com/من-نحن/index.html]
[orthocare-egypt.com/wp-content/uploads/2018/01/shutterstock_741140401.jpg]
[orthocare-egypt.com/wp-json/oembed/1.0/embed5ca9.json]
[orthocare-egypt.com/wp-json/oembed/1.0/embed346d]
[orthocare-egypt.com/wp-content/uploads/2018/01/shutterstock_669985030.jpg]
[orthocare-egypt.com/wp-content/uploads/2018/01/5.png]
[orthocare-egypt.com/wp-content/uploads/2018/01/WhatsApp-Image-2018-01-04-at-7.23.59-PM-1.jpg]
[orthocare-egypt.com/wp-content/uploads/2018/01/4.png]
[orthocare-egypt.com/wp-content/uploads/2018/01/WhatsApp-Image-2018-01-04-at-7.23.59-PM.jpg]
[orthocare-egypt.com/wp-content/uploads/2018/01/WhatsApp-Image-2018-01-04-at-7.24.00-PM.jpg]
[orthocare-egypt.com/خدماتنا/index.html]
[orthocare-egypt.com/wp-json/oembed/1.0/embed8604.json]
[orthocare-egypt.com/work/index.html]
[orthocare-egypt.com/wp-json/oembed/1.0/embed1633]
[orthocare-egypt.com/wp-json/oembed/1.0/embedd07d.json]
[orthocare-egypt.com/تأهيل-حالات-بتر-فوق-الركبة/index.html]
[orthocare-egypt.com/wp-json/oembed/1.0/embedebea]
[orthocare-egypt.com/wp-json/oembed/1.0/embed78c5.json]
[orthocare-egypt.com/تأهيل-حالات-بتر-تحت-الركبة/index.html]
[orthocare-egypt.com/wp-json/oembed/1.0/embed1057]
[orthocare-egypt.com/wp-json/oembed/1.0/embed83f6.json]
[orthocare-egypt.com/العناية-بالبتر-لف-البتر-بالرباط-الضاغ/index.html]
[orthocare-egypt.com/wp-json/oembed/1.0/embed6cd7]
[orthocare-egypt.com/wp-json/oembed/1.0/embedad8a.json]
[orthocare-egypt.com/فوق-الركبة/index.html]
[orthocare-egypt.com/wp-json/oembed/1.0/embed96d6]
[orthocare-egypt.com/wp-json/oembed/1.0/embed4ff7.json]
[orthocare-egypt.com/تحت-الركبة/index.html]
[orthocare-egypt.com/wp-json/oembed/1.0/embeda4ae]
[orthocare-egypt.com/wp-json/oembed/1.0/embed2cf0.json]
[orthocare-egypt.com/wp-json/oembed/1.0/embedbd03]
[orthocare-egypt.com/wp-content/uploads/2018/01/الاطراف-الصناعية-تحت-الركبة.jpg]
[orthocare-egypt.com/wp-content/plugins/wp-google-maps/css/wpgmza_style.css]
[orthocare-egypt.com/contact-us/index.html]
[orthocare-egypt.com/wp-content/plugins/wp-google-maps/js/wpgmaps.js]
[orthocare-egypt.com/منتجاتنا/index.html]
[orthocare-egypt.com/اتصل-بنا/index.html]
[orthocare-egypt.com/wp-content/plugins/revslider/public/assets/fonts/revicons/revicons90c6.svg]
[orthocare-egypt.com/wp-content/plugins/revslider/public/assets/css/openhand.html]
[orthocare-egypt.com/wp-content/plugins/revslider/public/assets/css/closedhand.html]
[orthocare-egypt.com/wp-content/plugins/ultimate-product-catalogue/css/fonts/ewd-details.svg]
[orthocare-egypt.com/wp-content/plugins/ultimate-product-catalogue/css/images/animated-overlay.html]
[orthocare-egypt.com/wp-content/plugins/ultimate-product-catalogue/css/images/ui-bg_highlight-soft_100_eeeeee_1x100.html]
[orthocare-egypt.com/wp-content/plugins/ultimate-product-catalogue/css/images/ui-bg_gloss-wave_35_f6a828_500x100.html]
[orthocare-egypt.com/wp-content/plugins/ultimate-product-catalogue/css/images/ui-bg_glass_100_f6f6f6_1x400.html]
[orthocare-egypt.com/wp-content/plugins/ultimate-product-catalogue/css/images/ui-bg_glass_100_fdf5ce_1x400.html]
[orthocare-egypt.com/wp-content/plugins/ultimate-product-catalogue/css/images/ui-bg_glass_65_ffffff_1x400.html]
[orthocare-egypt.com/wp-content/plugins/ultimate-product-catalogue/css/images/ui-bg_highlight-soft_75_ffe45c_1x100.html]
[orthocare-egypt.com/wp-content/plugins/ultimate-product-catalogue/css/images/ui-bg_diagonals-thick_18_b81900_40x40.html]
[orthocare-egypt.com/wp-content/plugins/ultimate-product-catalogue/css/images/ui-icons_222222_256x240.html]
[orthocare-egypt.com/wp-content/plugins/ultimate-product-catalogue/css/images/ui-icons_ffffff_256x240.html]
[orthocare-egypt.com/wp-content/plugins/ultimate-product-catalogue/css/images/ui-icons_ef8c08_256x240.html]
[orthocare-egypt.com/wp-content/plugins/ultimate-product-catalogue/css/images/ui-icons_228ef1_256x240.html]
[orthocare-egypt.com/wp-content/plugins/ultimate-product-catalogue/css/images/ui-icons_ffd27a_256x240.html]
[orthocare-egypt.com/wp-content/plugins/ultimate-product-catalogue/css/images/ui-bg_diagonals-thick_20_666666_40x40.html]
[orthocare-egypt.com/wp-content/plugins/ultimate-product-catalogue/css/images/ui-bg_flat_10_000000_40x100.html]
[orthocare-egypt.com/wp-content/themes/betheme/fonts/mfn-icons2e38.svg]
[orthocare-egypt.com/index460d.html]
[orthocare-egypt.com/indexe887.html]
[orthocare-egypt.com/indexd52d.html]
[orthocare-egypt.com/index221f.html]
[orthocare-egypt.com/index5294.html]
[orthocare-egypt.com/indexbcd6.html]
[orthocare-egypt.com/index80a3.html]
[orthocare-egypt.com/indexa9ab.html]
[orthocare-egypt.com/index153d.html]
[orthocare-egypt.com/wp-content/plugins/wp-google-maps/images/premium.png]
[orthocare-egypt.com/wp-content/plugins/wp-google-maps/images/WP-google-maps-logo-1-B-transparent.png]
[orthocare-egypt.com/wp-content/plugins/wp-google-maps/css/wpgmza_style.css]
